// Jest Snapshot v1, https://goo.gl/fbAQLP

exports[`<QuakeList /> renders 1`] = `
<div
  className="QuakeList"
>
  <h4>
    Quake List
  </h4>
  <ul>
    <li>
      <a
        href="/QuakeInfo/1"
        onClick={[Function]}
      >
        Welly
      </a>
    </li>
  </ul>
</div>
`;
